[itucollegeofmedicine.godaddysites.com/index.html]
[backblue.gif]
[fade.gif]
[index.html]
[itucollegeofmedicine.godaddysites.com/manifest.webmanifest]
[img1.wsimg.com/isteam/ip/3ee0dd7e-9d7b-48c5-ad70-9ebbd0f555f4/server3.jpg]
[img1.wsimg.com/blobby/go/font/LeagueSpartan/league-spartan.css]
[itucollegeofmedicine.godaddysites.com/sw.js]
[itucollegeofmedicine.godaddysites.com/services.html]
[itucollegeofmedicine.godaddysites.com/contact-us.html]
[itucollegeofmedicine.godaddysites.com/staff.html]
[img1.wsimg.com/blobby/go/3ee0dd7e-9d7b-48c5-ad70-9ebbd0f555f4/gpub/58cd6ab6ff41676d/script.js]
[img1.wsimg.com/blobby/go/3ee0dd7e-9d7b-48c5-ad70-9ebbd0f555f4/gpub/a77fedf64cfc371c/script.js]
[itucollegeofmedicine.godaddysites.com/index.html]
[img1.wsimg.com/blobby/go/font/LeagueSpartan/league-spartan.css]
[img1.wsimg.com/tcc/tcc_l.combined.1.0.6.min.js]
[itucollegeofmedicine.godaddysites.com/services/f.atom]
[img1.wsimg.com/ceph-p3-01/website-builder-data-prod/static/widgets/UX.4.18.13.js]
[img1.wsimg.com/poly/v3/polyfill.mincc30.js]
[itucollegeofmedicine.godaddysites.com/services/f.rss]
[img1.wsimg.com/blobby/go/3ee0dd7e-9d7b-48c5-ad70-9ebbd0f555f4/gpub/32f250b8e24b8e45/script.js]
[itucollegeofmedicine.godaddysites.com/services.html]
[img1.wsimg.com/blobby/go/3ee0dd7e-9d7b-48c5-ad70-9ebbd0f555f4/gpub/788967bb8a42599/script.js]
[img1.wsimg.com/blobby/go/3ee0dd7e-9d7b-48c5-ad70-9ebbd0f555f4/gpub/7239990a4f974cc5/script.js]
[itucollegeofmedicine.godaddysites.com/contact-us.html]
[img1.wsimg.com/blobby/go/3ee0dd7e-9d7b-48c5-ad70-9ebbd0f555f4/gpub/1d97f8ab10e6415/script.js]
[img1.wsimg.com/blobby/go/3ee0dd7e-9d7b-48c5-ad70-9ebbd0f555f4/gpub/7d301de860c1100a/script.js]
[itucollegeofmedicine.godaddysites.com/staff.html]
[img1.wsimg.com/tcc/tcc_l.combined.1.0.6.min.js]
[itucollegeofmedicine.godaddysites.com/services/f.html]
[img1.wsimg.com/blobby/go/3ee0dd7e-9d7b-48c5-ad70-9ebbd0f555f4/gpub/8b4063d5a451424e/script.js]
